
Merging program properties

Removed property 0xc0000002 to merge main.o (0x3) and vmma.o (not found)
Removed property 0xc0000002 to merge main.o (not found) and neward.o (0x3)
Removed property 0xc0000002 to merge main.o (not found) and common.o (0x3)
Removed property 0xc0000002 to merge main.o (not found) and vmmhelper.o (0x3)
Removed property 0xc0000002 to merge main.o (not found) and multicore.o (0x3)
Removed property 0xc0000002 to merge main.o (not found) and mm.o (0x3)
Removed property 0xc0000002 to merge main.o (not found) and vmpaging.o (0x3)
Removed property 0xc0000002 to merge main.o (not found) and vmevent_invalidstate.o (0x3)
Removed property 0xc0000002 to merge main.o (not found) and vmeventhandler.o (0x3)
Removed property 0xc0000002 to merge main.o (not found) and realmodeemu.o (0x3)
Removed property 0xc0000002 to merge main.o (not found) and pmodeemu.o (0x3)
Removed property 0xc0000002 to merge main.o (not found) and vmcall.o (0x3)
Removed property 0xc0000002 to merge main.o (not found) and keyboard.o (0x3)
Removed property 0xc0000002 to merge main.o (not found) and osspecific.o (0x3)
Removed property 0xc0000002 to merge main.o (not found) and offloados.o (0x3)
Removed property 0xc0000002 to merge main.o (not found) and ultimap.o (0x3)
Removed property 0xc0000002 to merge main.o (not found) and pci.o (0x3)
Removed property 0xc0000002 to merge main.o (not found) and apic.o (0x3)
Removed property 0xc0000002 to merge main.o (not found) and test.o (0x3)
Removed property 0xc0000002 to merge main.o (not found) and vmeventhandler_amd.o (0x3)
Removed property 0xc0000002 to merge main.o (not found) and vmxemu.o (0x3)
Removed property 0xc0000002 to merge main.o (not found) and vmxsetup.o (0x3)
Removed property 0xc0000002 to merge main.o (not found) and epthandler.o (0x3)
Removed property 0xc0000002 to merge main.o (not found) and nphandler.o (0x3)
Removed property 0xc0000002 to merge main.o (not found) and interrupthandler.o (0x3)
Removed property 0xc0000002 to merge main.o (not found) and exports.o (0x3)
Removed property 0xc0000002 to merge main.o (not found) and vbe3.o (0x3)
Removed property 0xc0000002 to merge main.o (not found) and maps.o (0x3)
Removed property 0xc0000002 to merge main.o (not found) and list.o (0x3)
Removed property 0xc0000002 to merge main.o (not found) and displaydebug.o (0x3)
Removed property 0xc0000002 to merge main.o (not found) and ./distorm64/wstring.o (0x3)
Removed property 0xc0000002 to merge main.o (not found) and ./distorm64/x86defs.o (0x3)
Removed property 0xc0000002 to merge main.o (not found) and ./distorm64/textdefs.o (0x3)
Removed property 0xc0000002 to merge main.o (not found) and ./distorm64/insts.o (0x3)
Removed property 0xc0000002 to merge main.o (not found) and ./distorm64/prefix.o (0x3)
Removed property 0xc0000002 to merge main.o (not found) and ./distorm64/instructions.o (0x3)
Removed property 0xc0000002 to merge main.o (not found) and ./distorm64/decoder.o (0x3)
Removed property 0xc0000002 to merge main.o (not found) and ./distorm64/operands.o (0x3)
Removed property 0xc0000002 to merge main.o (not found) and ./distorm64/distorm.o (0x3)

Discarded input sections

 .note.gnu.property
                0x0000000000000000       0x20 main.o
 .note.gnu.property
                0x0000000000000000       0x20 neward.o
 .note.gnu.property
                0x0000000000000000       0x20 common.o
 .note.gnu.property
                0x0000000000000000       0x20 vmmhelper.o
 .note.gnu.property
                0x0000000000000000       0x20 multicore.o
 .note.gnu.property
                0x0000000000000000       0x20 mm.o
 .note.gnu.property
                0x0000000000000000       0x20 vmpaging.o
 .note.gnu.property
                0x0000000000000000       0x20 vmevent_invalidstate.o
 .note.gnu.property
                0x0000000000000000       0x20 vmeventhandler.o
 .note.gnu.property
                0x0000000000000000       0x20 realmodeemu.o
 .note.gnu.property
                0x0000000000000000       0x20 pmodeemu.o
 .note.gnu.property
                0x0000000000000000       0x20 vmcall.o
 .note.gnu.property
                0x0000000000000000       0x20 keyboard.o
 .note.gnu.property
                0x0000000000000000       0x20 osspecific.o
 .note.gnu.property
                0x0000000000000000       0x20 offloados.o
 .note.gnu.property
                0x0000000000000000       0x20 ultimap.o
 .note.gnu.property
                0x0000000000000000       0x20 pci.o
 .note.gnu.property
                0x0000000000000000       0x20 apic.o
 .note.gnu.property
                0x0000000000000000       0x20 test.o
 .note.gnu.property
                0x0000000000000000       0x20 vmeventhandler_amd.o
 .note.gnu.property
                0x0000000000000000       0x20 vmxemu.o
 .note.gnu.property
                0x0000000000000000       0x20 vmxsetup.o
 .note.gnu.property
                0x0000000000000000       0x20 epthandler.o
 .note.gnu.property
[...]
Memory Configuration

Name             Origin             Length             Attributes
*default*        0x0000000000000000 0xffffffffffffffff

Linker script and memory map


.text           0x0000000000400000    0x55cce
 *(.text)
 .text          0x0000000000400000     0x2211 vmma.o
                0x0000000000400000                amain
                0x0000000000400000                _start
                0x0000000000400010                loadedOS
                0x0000000000400018                vmmstart
                0x0000000000400020                pagedirlvl4
                0x0000000000400028                nextstack
                0x0000000000400030                extramemory
                0x0000000000400038                extramemorysize
                0x0000000000400040                contiguousmemoryPA
                0x0000000000400048                contiguousmemorysize
                0x0000000000400050                dbvmversion
                0x0000000000400058                exportlist
                0x0000000000400060                initcs
                0x0000000000400064                vmmentrycount
                0x0000000000400150                isAP
                0x0000000000400154                bootdisk
                0x0000000000400158                vmcall_amd
                0x000000000040015c                vmcall_intel
                0x0000000000400160                vmcall_instr
                0x0000000000400168                vmcalltest_asm
                0x000000000040019d                _vmcall
                0x00000000004001c0                vmcall_setintredirects
                0x0000000000400255                SaveExtraHostState
                0x0000000000400260                vmxloop_amd
                0x0000000000400521                doVMRUN
                0x000000000040066a                vmxloop
                0x00000000004008c4                setRFLAGS
                0x00000000004008c7                getRFLAGS
                0x00000000004008cd                setIDT
                0x00000000004008e6                setGDT
                0x00000000004008ff                getGDTsize
                0x0000000000400917                getIDTsize
                0x000000000040092f                getGDTbase
                0x0000000000400944                getIDTbase
                0x0000000000400959                getTaskRegister
                0x000000000040095e                loadTaskRegister
                0x0000000000400970                _vmread
                0x0000000000400974                _vmread2
                0x00000000004009a0                _vmwrite
                0x00000000004009b9                _vmwrite2
                0x00000000004009bb                _vmclear
                0x00000000004009e4                _vmptrld
                0x0000000000400a08                _vmxon
                0x0000000000400a23                _vmxoff
                0x0000000000400a2a                _vmlaunch
                0x0000000000400a67                _vmresume
                0x0000000000400a6e                readMSR
                0x0000000000400a7f                writeMSR
                0x0000000000400a96                _xsetbv
                0x0000000000400aae                int3bptest
                0x0000000000400ab6                testcode
                0x0000000000400aca                hascpuid
                0x0000000000400af2                stopautomation
                0x0000000000400b03                cLIDT
                0x0000000000400b0a                getCR0
                0x0000000000400b11                setCR0
                0x0000000000400b18                getCR2
                0x0000000000400b1f                setCR2
                0x0000000000400b26                setCR3
                0x0000000000400b2d                getCR3
                0x0000000000400b34                getCR4
                0x0000000000400b3b                setCR4
                0x0000000000400b42                setCR8
                0x0000000000400b47                getCR8
                0x0000000000400b4c                getDR0
                0x0000000000400b53                setDR0
                0x0000000000400b5a                getDR1
                0x0000000000400b61                setDR1
                0x0000000000400b68                getDR2
                0x0000000000400b6f                setDR2
                0x0000000000400b76                getDR3
                0x0000000000400b7d                setDR3
                0x0000000000400b84                getDR6
                0x0000000000400b8b                setDR6
                0x0000000000400b92                getDR7
                0x0000000000400b99                setDR7
                0x0000000000400ba0                _invpcid
                0x0000000000400ba6                _invept
                0x0000000000400bad                _invept2
                0x0000000000400bc7                _invvpid
                0x0000000000400bce                _invvpid2
                0x0000000000400bf0                _invlpg
                0x0000000000400bf7                _wbinvd
                0x0000000000400bfa                _invd
                0x0000000000400bfd                _rdtsc
                0x0000000000400c0a                _pause
                0x0000000000400c74                inthandler0
                0x0000000000400c7c                inthandler1
                0x0000000000400c84                inthandler2
                0x0000000000400c8c                inthandler3
                0x0000000000400c94                inthandler4
                0x0000000000400c9f                inthandler5
                0x0000000000400caa                inthandler6
                0x0000000000400cb5                inthandler7
                0x0000000000400cc0                inthandler8
                0x0000000000400ccb                inthandler9
                0x0000000000400cd6                inthandler10
                0x0000000000400ce1                inthandler11
                0x0000000000400cec                inthandler12
                0x0000000000400cf7                inthandler13
                0x0000000000400d02                inthandler14
                0x0000000000400d0d                inthandler15
                0x0000000000400d18                inthandler16
                0x0000000000400d23                inthandler17
                0x0000000000400d2e                inthandler18
                0x0000000000400d39                inthandler19
                0x0000000000400d44                inthandler20
                0x0000000000400d4f                inthandler21
                0x0000000000400d5a                inthandler22
                0x0000000000400d65                inthandler23
                0x0000000000400d70                inthandler24
                0x0000000000400d7b                inthandler25
                0x0000000000400d86                inthandler26
                0x0000000000400d91                inthandler27
                0x0000000000400d9c                inthandler28
                0x0000000000400da7                inthandler29
                0x0000000000400db2                inthandler30
                0x0000000000400dbd                inthandler31
                0x0000000000400dc8                inthandler32
                0x0000000000400dd3                inthandler33
                0x0000000000400dde                inthandler34
                0x0000000000400de9                inthandler35
                0x0000000000400df4                inthandler36
                0x0000000000400dff                inthandler37
                0x0000000000400e0a                inthandler38
                0x0000000000400e15                inthandler39
                0x0000000000400e20                inthandler40
                0x0000000000400e2b                inthandler41
                0x0000000000400e36                inthandler42
                0x0000000000400e41                inthandler43
                0x0000000000400e4c                inthandler44
                0x0000000000400e57                inthandler45
                0x0000000000400e62                inthandler46
                0x0000000000400e6d                inthandler47
                0x0000000000400e78                inthandler48
                0x0000000000400e83                inthandler49
                0x0000000000400e8e                inthandler50
                0x0000000000400e99                inthandler51
                0x0000000000400ea4                inthandler52
                0x0000000000400eaf                inthandler53
                0x0000000000400eba                inthandler54
                0x0000000000400ec5                inthandler55
                0x0000000000400ed0                inthandler56
                0x0000000000400edb                inthandler57
                0x0000000000400ee6                inthandler58
                0x0000000000400ef1                inthandler59
                0x0000000000400efc                inthandler60
                0x0000000000400f07                inthandler61
                0x0000000000400f12                inthandler62
                0x0000000000400f1d                inthandler63
                0x0000000000400f28                inthandler64
                0x0000000000400f33                inthandler65
                0x0000000000400f3e                inthandler66
                0x0000000000400f49                inthandler67
                0x0000000000400f54                inthandler68
                0x0000000000400f5f                inthandler69
                0x0000000000400f6a                inthandler70
                0x0000000000400f75                inthandler71
                0x0000000000400f80                inthandler72
                0x0000000000400f8b                inthandler73
                0x0000000000400f96                inthandler74
                0x0000000000400fa1                inthandler75
                0x0000000000400fac                inthandler76
                0x0000000000400fb7                inthandler77
                0x0000000000400fc2                inthandler78
                0x0000000000400fcd                inthandler79
                0x0000000000400fd8                inthandler80
                0x0000000000400fe3                inthandler81
                0x0000000000400fee                inthandler82
                0x0000000000400ff9                inthandler83
                0x0000000000401004                inthandler84
                0x000000000040100f                inthandler85
                0x000000000040101a                inthandler86
                0x0000000000401025                inthandler87
                0x0000000000401030                inthandler88
                0x000000000040103b                inthandler89
                0x0000000000401046                inthandler90
                0x0000000000401051                inthandler91
                0x000000000040105c                inthandler92
                0x0000000000401067                inthandler93
                0x0000000000401072                inthandler94
                0x000000000040107d                inthandler95
                0x0000000000401088                inthandler96
                0x0000000000401093                inthandler97
                0x000000000040109e                inthandler98
                0x00000000004010a9                inthandler99
                0x00000000004010b4                inthandler100
                0x00000000004010bf                inthandler101
                0x00000000004010ca                inthandler102
                0x00000000004010d5                inthandler103
                0x00000000004010e0                inthandler104
                0x00000000004010eb                inthandler105
                0x00000000004010f6                inthandler106
                0x0000000000401101                inthandler107
                0x000000000040110c                inthandler108
                0x0000000000401117                inthandler109
                0x0000000000401122                inthandler110
                0x000000000040112d                inthandler111
                0x0000000000401138                inthandler112
                0x0000000000401143                inthandler113
                0x000000000040114e                inthandler114
                0x0000000000401159                inthandler115
                0x0000000000401164                inthandler116
                0x000000000040116f                inthandler117
                0x000000000040117a                inthandler118
                0x0000000000401185                inthandler119
                0x0000000000401190                inthandler120
                0x000000000040119b                inthandler121
                0x00000000004011a6                inthandler122
                0x00000000004011b1                inthandler123
                0x00000000004011bc                inthandler124
                0x00000000004011c7                inthandler125
                0x00000000004011d2                inthandler126
                0x00000000004011dd                inthandler127
                0x00000000004011e8                inthandler128
                0x00000000004011f6                inthandler129
                0x0000000000401204                inthandler130
                0x0000000000401212                inthandler131
                0x0000000000401220                inthandler132
                0x000000000040122e                inthandler133
                0x000000000040123c                inthandler134
                0x000000000040124a                inthandler135
                0x0000000000401258                inthandler136
                0x0000000000401266                inthandler137
                0x0000000000401274                inthandler138
                0x0000000000401282                inthandler139
                0x0000000000401290                inthandler140
                0x000000000040129e                inthandler141
                0x00000000004012ac                inthandler142
                0x00000000004012ba                inthandler143
                0x00000000004012c8                inthandler144
                0x00000000004012d6                inthandler145
                0x00000000004012e4                inthandler146
                0x00000000004012f2                inthandler147
                0x0000000000401300                inthandler148
                0x000000000040130e                inthandler149
                0x000000000040131c                inthandler150
                0x000000000040132a                inthandler151
                0x0000000000401338                inthandler152
                0x0000000000401346                inthandler153
                0x0000000000401354                inthandler154
                0x0000000000401362                inthandler155
                0x0000000000401370                inthandler156
                0x000000000040137e                inthandler157
                0x000000000040138c                inthandler158
                0x000000000040139a                inthandler159
                0x00000000004013a8                inthandler160
                0x00000000004013b6                inthandler161
                0x00000000004013c4                inthandler162
                0x00000000004013d2                inthandler163
                0x00000000004013e0                inthandler164
                0x00000000004013ee                inthandler165
                0x00000000004013fc                inthandler166
                0x000000000040140a                inthandler167
                0x0000000000401418                inthandler168
                0x0000000000401426                inthandler169
                0x0000000000401434                inthandler170
                0x0000000000401442                inthandler171
                0x0000000000401450                inthandler172
                0x000000000040145e                inthandler173
                0x000000000040146c                inthandler174
                0x000000000040147a                inthandler175
                0x0000000000401488                inthandler176
                0x0000000000401496                inthandler177
                0x00000000004014a4                inthandler178
                0x00000000004014b2                inthandler179
                0x00000000004014c0                inthandler180
                0x00000000004014ce                inthandler181
                0x00000000004014dc                inthandler182
                0x00000000004014ea                inthandler183
                0x00000000004014f8                inthandler184
                0x0000000000401506                inthandler185
                0x0000000000401514                inthandler186
                0x0000000000401522                inthandler187
                0x0000000000401530                inthandler188
                0x000000000040153e                inthandler189
                0x000000000040154c                inthandler190
                0x000000000040155a                inthandler191
                0x0000000000401568                inthandler192
                0x0000000000401576                inthandler193
                0x0000000000401584                inthandler194
                0x0000000000401592                inthandler195
                0x00000000004015a0                inthandler196
                0x00000000004015ae                inthandler197
                0x00000000004015bc                inthandler198
                0x00000000004015ca                inthandler199
                0x00000000004015d8                inthandler200
                0x00000000004015e6                inthandler201
                0x00000000004015f4                inthandler202
                0x0000000000401602                inthandler203
                0x0000000000401610                inthandler204
                0x000000000040161e                inthandler205
                0x000000000040162c                inthandler206
                0x000000000040163a                inthandler207
                0x0000000000401648                inthandler208
                0x0000000000401656                inthandler209
                0x0000000000401664                inthandler210
                0x0000000000401672                inthandler211
                0x0000000000401680                inthandler212
                0x000000000040168e                inthandler213
                0x000000000040169c                inthandler214
                0x00000000004016aa                inthandler215
                0x00000000004016b8                inthandler216
                0x00000000004016c6                inthandler217
                0x00000000004016d4                inthandler218
                0x00000000004016e2                inthandler219
                0x00000000004016f0                inthandler220
                0x00000000004016fe                inthandler221
                0x000000000040170c                inthandler222
                0x000000000040171a                inthandler223
                0x0000000000401728                inthandler224
                0x0000000000401736                inthandler225
                0x0000000000401744                inthandler226
                0x0000000000401752                inthandler227
                0x0000000000401760                inthandler228
                0x000000000040176e                inthandler229
                0x000000000040177c                inthandler230
                0x000000000040178a                inthandler231
                0x0000000000401798                inthandler232
                0x00000000004017a6                inthandler233
                0x00000000004017b4                inthandler234
                0x00000000004017c2                inthandler235
                0x00000000004017d0                inthandler236
                0x00000000004017de                inthandler237
                0x00000000004017ec                inthandler238
                0x00000000004017fa                inthandler239
                0x0000000000401808                inthandler240
                0x0000000000401816                inthandler241
                0x0000000000401824                inthandler242
                0x0000000000401832                inthandler243
                0x0000000000401840                inthandler244
                0x000000000040184e                inthandler245
                0x000000000040185c                inthandler246
                0x000000000040186a                inthandler247
                0x0000000000401878                inthandler248
                0x0000000000401886                inthandler249
                0x0000000000401894                inthandler250
                0x00000000004018a2                inthandler251
                0x00000000004018b0                inthandler252
                0x00000000004018be                inthandler253
                0x00000000004018cc                inthandler254
                0x00000000004018da                inthandler255
                0x0000000000401977                changetask
                0x0000000000401983                tasktest
                0x00000000004019cf                virtual8086_start
                0x00000000004019d6                moveto32bitstart
                0x00000000004019dc                virtual8086entry32bit
                0x0000000000401aa3                inthandler_32
                0x0000000000401b01                realmodetest
                0x0000000000401c18                infloop
                0x0000000000401c28                quickboot
                0x0000000000401d0a                movetoreal
                0x0000000000401d5f                real16
                0x0000000000401d76                realmode
                0x0000000000401d9c                vmxstartup
                0x0000000000402058                bochswaitforsipiloop
                0x00000000004021a4                realmode_inthook_new12
                0x00000000004021a4                vmxstartup_end
                0x00000000004021a4                realmode_inthooks
                0x00000000004021bc                realmode_inthook_new15
                0x00000000004021d4                realmode_inthook_calladdress
                0x00000000004021fa                realmode_inthook_original12
                0x00000000004021ff                realmode_inthook_original15
                0x0000000000402203                realmode_inthook_conventional_memsize
                0x0000000000402205                realmode_inthooks_end
 .text          0x0000000000402211     0x5413 main.o
                0x0000000000402211                startNextCPU
                0x0000000000402278                CheckCRCValues
                0x00000000004022ee                vmm_entry2_hlt
                0x00000000004023b1                setupFSBase
                0x00000000004023d5                vmm_entry2
                0x0000000000402680                vmm_entry
                0x0000000000404760                testexception
                0x00000000004047a6                vmcalltest
                0x000000000040490c                apentryvmx
                0x0000000000404945                reboot
                0x0000000000404aa9                menu2
                0x0000000000405f6b                menu
                0x0000000000406699                startvmx
 .text          0x0000000000407624      0x899 neward.o
                0x0000000000407624                setARDAddress
                0x000000000040764e                getARDAddress
                0x0000000000407674                setARDSize
                0x000000000040769f                getARDSize
                0x00000000004076c6                fakeARD_insertAtPos
                0x00000000004077c1                fakeARD_InsertRange
                0x0000000000407c4e                fakeARD_getConventionalMemory
                0x0000000000407d11                sendARD
                0x0000000000407e58                initARDcount
 .text          0x0000000000407ebd     0x4095 common.o
                0x0000000000407ebd                popcnt_nosupport
                0x0000000000407f08                bochsbp
                0x0000000000407f16                inportb
                0x0000000000407f30                outportb
                0x0000000000407f4b                inportd
                0x0000000000407f66                outportd
                0x0000000000407f80                minq
                0x0000000000407fa1                maxq
                0x0000000000407fc2                min
                0x0000000000407fdd                max
                0x0000000000407ff8                strspn
                0x0000000000408072                exit
                0x00000000004080e3                abort
                0x0000000000408148                isalpha
                0x0000000000408179                isdigit
                0x000000000040819e                isspace
                0x00000000004081b5                iscntrl
                0x00000000004081f5                toupper
                0x0000000000408208                tolower
                0x000000000040821b                isgraph
                0x0000000000408240                islower
                0x0000000000408265                isupper
                0x000000000040828a                isprint
                0x00000000004082af                ispunct
                0x00000000004082f6                isxdigit
                0x0000000000408333                floor
                0x0000000000408371                ceil
                0x00000000004083b3                fmod
                0x00000000004083fc                sqrt
                0x0000000000408428                pow
                0x000000000040845e                frexp
                0x000000000040848d                isalnum
                0x00000000004084c3                memcmp
                0x000000000040854e                strcmp
                0x00000000004085f4                addCharToString
                0x000000000040869f                strncmp
                0x000000000040873c                strstr
                0x00000000004087bb                strcspn
                0x0000000000408842                strcoll
                0x000000000040886b                strchr
                0x00000000004088c9                strpbrk
                0x000000000040895c                atof
                0x0000000000408b13                strtod
                0x0000000000408ec1                memchr
                0x0000000000408f22                vbuildstring
                0x000000000040a0b6                sendstring
                0x000000000040a0c5                sendstringf
                0x000000000040a122                sprintf
                0x000000000040a1dc                snprintf
                0x000000000040a29a                getAPICID
                0x000000000040a2f3                mrewStartRead
                0x000000000040a348                mrewEndRead
                0x000000000040a368                mrewStartWrite
                0x000000000040a3cd                mrewEndWrite
                0x000000000040a3e7                csEnter
                0x000000000040a44e                csLeave
                0x000000000040a52b                zeromemory
                0x000000000040a568                copymem
                0x000000000040a5c1                memcpy
                0x000000000040a5f2                memset
                0x000000000040a638                strlen
                0x000000000040a673                strncat
                0x000000000040a703                strcat
                0x000000000040a780                strcpy
                0x000000000040a7ed                strncpy
                0x000000000040a86c                appendzero
                0x000000000040a9d4                abs
                0x000000000040a9f1                power
                0x000000000040aa3f                strtoull
                0x000000000040aaa9                atoi2
                0x000000000040ad25                lltoa
                0x000000000040af06                itoa
                0x000000000040b0d7                enableserial
                0x000000000040b105                sendchar
                0x000000000040b115                getchar
                0x000000000040b124                waitforchar
                0x000000000040b136                readstringc
                0x000000000040b219                readstring
                0x000000000040b302                setCursorPos
                0x000000000040b385                updateCursor
                0x000000000040b3ab                printchar
                0x000000000040b488                getdisplaychar
                0x000000000040b4df                getdisplayline
                0x000000000040b53b                printstring
                0x000000000040b5fa                push
                0x000000000040b675                pop
                0x000000000040b6f3                movelinesdown
                0x000000000040b772                movelinesup
                0x000000000040b85a                nextline
                0x000000000040b89a                displayline
                0x000000000040ba85                generateCRC
                0x000000000040bacb                resync
                0x000000000040baf7                sendDissectedFlags
                0x000000000040bb0a                showstatec
                0x000000000040bb4c                setGDTENTRYBase
                0x000000000040bbb6                getGDTENTRYBase
                0x000000000040bbf4                setGDTENTRYLimit
                0x000000000040bc80                Build16BitDataSegmentDescriptor
                0x000000000040bd06                Build16BitCodeSegmentDescriptor
                0x000000000040bd3e                Build32BitDataSegmentDescriptor
                0x000000000040bdc4                Build32BitCodeSegmentDescriptor
                0x000000000040bdfc                getCPUCount
                0x000000000040be0c                call32bit
                0x000000000040bee3                InitCommon
 *fill*         0x000000000040bf52        0xe 
 .text          0x000000000040bf60      0x186 commona.o
                0x000000000040bf60                getcpunr
                0x000000000040bf69                getcpuinfo
                0x000000000040bf73                clearScreen
                0x000000000040bf9b                getRSP
                0x000000000040bfa3                getRBP
                0x000000000040bfa7                _cpuid
                0x000000000040bfd8                lockedQwordIncrement
                0x000000000040bff1                spinlock
                0x000000000040c005                _enableserial
                0x000000000040c006                debugbreak
                0x000000000040c008                popcnt_support
                0x000000000040c00e                setjmp
                0x000000000040c05e                call32bita
                0x000000000040c0ae                longjmp
 *fill*         0x000000000040c0e6        0xa 
 .text          0x000000000040c0f0     0x1033 apica.o
                0x000000000040c0f0                initcpus
                0x000000000040c113                apic_getBootID
                0x000000000040c123                APbootcode
                0x000000000040c126                APBootVar_CR3
                0x000000000040c12e                APBootVar_GDT
                0x000000000040c1ee                APBootVar_Size
                0x000000000040d123                APbootcodeEnd
 .text          0x000000000040d123     0x1bc2 vmmhelper.o
                0x000000000040d123                ISPAGING
                0x000000000040d1a4                ISREALMODE
                0x000000000040d21f                IS64BITPAGING
                0x000000000040d278                IS64BITCODE
                0x000000000040d2e8                isDebugFault
                0x000000000040d32c                getVMExitReassonString
                0x000000000040d52b                getVMInstructionErrorString
                0x000000000040d6fc                setTrap
                0x000000000040d740                setResumeFlag
                0x000000000040d784                setupTSS8086
                0x000000000040db7e                StoreVirtualMachineState
                0x000000000040db91                displayPreviousStates
                0x000000000040db9c                sendvmstate
                0x000000000040dbd1                sendvmstateFull
                0x000000000040dc05                vmexit_amd
                0x000000000040dd8b                vmexit
                0x000000000040e108                launchVMX_AMD
                0x000000000040e1f8                launchVMX
                0x000000000040e569                displayVMmemory
                0x000000000040e6ce                ShowPendingInterrupts
                0x000000000040e723                ShowCurrentInstruction
                0x000000000040e918                ShowCurrentInstructions
                0x000000000040ebd4                displayPhysicalMemory
 .text          0x000000000040ece5      0xd1d multicore.o
                0x000000000040ece5                checkcrc
                0x000000000040ed56                find_RSDP_inrange
                0x000000000040edea                find_MP_inrange
                0x000000000040ee5b                initAPcpus
 .text          0x000000000040fa02     0x329c mm.o
                0x000000000040fa02                allocateContiguousMemory
                0x000000000040fbd4                mapMemory
                0x000000000040fca1                getFreePML4Index
                0x000000000040fce6                unmapAddressAtPML4
                0x000000000040fd2a                mapAddressAtPML4
                0x000000000040fe3e                VirtualAddressToPageEntries
                0x000000000040ff41                VirtualAddressToIndexes
                0x000000000040ffb4                getMappedMemoryBase
                0x000000000040ffda                mmFindMapPositionForSize
                0x00000000004102f0                mapPhysicalAddressToVirtualAddress
                0x000000000041036a                mmFindGlobalMapAddressForSize
                0x00000000004104c4                mapPhysicalMemoryGlobal
                0x0000000000410627                mapPhysicalMemoryAddresses
                0x00000000004107c8                mapPhysicalMemory
                0x0000000000410989                unmapPhysicalMemoryGlobal
                0x0000000000410b01                unmapPhysicalMemory
                0x0000000000410c69                markPageAsNotReadable
                0x0000000000410cef                markPageAsReadOnly
                0x0000000000410d31                markPageAsWritable
                0x0000000000410d73                SetPageToWriteThrough
                0x0000000000410dc1                addPhysicalPageToDBVM
                0x0000000000411110                addPhysicalPagesToDBVM
                0x000000000041119e                mmAddPhysicalPageListToDBVM
                0x000000000041120e                getTotalFreeMemory
                0x00000000004112dc                mmIsFreePage
                0x0000000000411359                malloc2
                0x0000000000411721                free2
                0x000000000041182e                realloc2
                0x0000000000411895                findClosestAllocRegion
                0x0000000000411935                realloc
                0x0000000000411b1c                free
                0x0000000000411bf7                malloc
                0x0000000000411e04                InitializeMM
                0x000000000041231c                getPageTableEntryForAddressEx
                0x00000000004124cc                getPageTableEntryForAddress
                0x00000000004124ef                VirtualToPhysical
                0x0000000000412571                mmtest
                0x000000000041298d                mmEnumAllPageEntries
 .text          0x0000000000412c9e     0x14d5 vmpaging.o
                0x0000000000412c9e                unmapVMmemory
                0x0000000000412cc5                mapVMmemory
                0x0000000000412d0a                mapVMmemoryEx
                0x0000000000412fa6                getPhysicalAddressVM
                0x0000000000413844                ReadBytesFromPage
                0x0000000000413915                ReadVMMemory
                0x000000000041398d                handleINVLPG
                0x00000000004139d0                emulatePaging
                0x0000000000413aa8                setupRealModePaging
                0x0000000000413ac6                setupNonPagedPaging
                0x0000000000413e7d                setupNonPagedPaging_invalidstate_c0000
 .text          0x0000000000414173     0x15db vmevent_invalidstate.o
                0x0000000000414173                fixInterruptabilityState
                0x0000000000414227                handleInvalidEntryState
 .text          0x000000000041574e     0x6ee7 vmeventhandler.o
                0x000000000041574e                incrementRIP
                0x00000000004157cb                raiseNMI
                0x0000000000415842                raisePMI
                0x0000000000415929                raiseGeneralProtectionFault
                0x0000000000415a3f                emulateExceptionInterrupt
                0x0000000000416a71                returnToRealmode
                0x0000000000416ce1                handleINIT
                0x0000000000416d68                handleSIPI
                0x0000000000416de3                handle_cr3_callback
                0x0000000000416e79                handleHLT
                0x0000000000416fbf                getSegmentLimit
                0x000000000041707d                getSegmentBaseEx
                0x00000000004171bc                getSegmentBase
                0x00000000004171ed                setDescriptorAccessedFlag
                0x000000000041727c                getSegmentAccessRights
                0x00000000004172ec                convertSegmentAccessRightsToSegmentAttrib
                0x00000000004173f8                getSegmentAttrib
                0x0000000000417431                handleTaskswitch
                0x0000000000418261                handleIOAccess
                0x0000000000418274                handleWRMSR
                0x000000000041884f                handleRDMSR
                0x0000000000418c57                handleCPUID
                0x0000000000418cea                setRegister
                0x0000000000418e8e                getRegister
                0x0000000000418fc6                setVM_CR0
                0x00000000004199a3                setVM_CR3
                0x0000000000419ce8                setVM_CR4
                0x000000000041a03e                handleCRaccess
                0x000000000041a3c9                isBenignInterrupt
                0x000000000041a409                isContributoryInterrupt
                0x000000000041a439                handleRealModeInt0x15
                0x000000000041aa22                handleInterruptRealMode
                0x000000000041ab46                handleInterruptProtectedMode
                0x000000000041b324                handleHardwareBreakpoint
                0x000000000041b379                handleSoftwareBreakpoint
                0x000000000041b3f2                handleInterrupt
                0x000000000041b4ff                handleXSETBV
                0x000000000041b63e                handleSingleStep
                0x000000000041b81b                speedhack_setspeed
                0x000000000041b953                handle_rdtsc
                0x000000000041bd3b                handleVMEvent_internal
                0x000000000041c4b9                handleVMEvent
 .text          0x000000000041c635     0x66fa realmodeemu.o
                0x000000000041c635                opcode_CALLE8
                0x000000000041c777                opcode_HLTF4
                0x000000000041c7de                opcode_INTCD
                0x000000000041c865                opcode_JMPE9
                0x000000000041c8fb                opcode_JMPEA
                0x000000000041ca06                opcode_JMPEB
                0x000000000041ca86                opcode_LGDT
                0x000000000041cb49                opcode_LIDT
                0x000000000041cc0c                opcode_LMSW
                0x000000000041cebc                opcode_MOV0F20
                0x000000000041d25d                opcode_MOV0F22
                0x000000000041d639                opcode_MOV8B
                0x000000000041d8de                opcode_MOV8E
                0x000000000041d9ef                opcode_MOVSA5
                0x000000000041dced                opcode_MOVB0toB7
                0x000000000041df45                opcode_MOVB8toBF
                0x000000000041e3f6                opcode_MOVC6
                0x000000000041e6d5                opcode_MOVC7
                0x000000000041eca2                opcode_POP58to5F
                0x000000000041f0e3                opcode_POPSegment
                0x000000000041f1bb                opcode_PUSH50to57
                0x000000000041f48a                opcode_PUSHSegment
                0x000000000041f5b3                opcode_PUSH68
                0x000000000041f723                opcode_RDMSR0F32
                0x000000000041f7af                opcode_WRMSR0F30
                0x000000000041f83b                opcode_RETC3
                0x000000000041f92a                opcode_CLI
                0x000000000041f972                opcode_STI
                0x000000000041f9f6                opcode_CLD
                0x000000000041fa42                opcode_UD
                0x000000000041fa75                opcode_WBINVD
                0x000000000041fa86                opcode_XOR31
                0x00000000004200ca                getparityflag
                0x0000000000420115                emulateRMinterrupt
                0x000000000042029b                setSegment
                0x000000000042033b                getOpperandValue
                0x000000000042062a                getOpperand
                0x0000000000420658                getSIBBase
                0x000000000042079d                handleSIB
                0x0000000000420b68                handleMODRM
                0x0000000000421c72                emulateRMinstruction2
                0x00000000004227eb                emulateRMinstruction
                0x00000000004228ac                emulateHLT
                0x00000000004229a2                testRMinterrupt
                0x0000000000422aa4                emulateRealMode
 .text          0x0000000000422d2f       0x38 pmodeemu.o
                0x0000000000422d2f                emulateProtectedMode
 .text          0x0000000000422d67     0x5304 vmcall.o
                0x0000000000422d67                psod
                0x00000000004232a5                readMSRSafe
                0x00000000004233eb                writeMSRSafe
                0x000000000042352d                raisePagefault
                0x000000000042372a                raiseInvalidOpcodeException
                0x0000000000423826                raisePrivilege
                0x0000000000423923                VMCALL_SwitchToKernelMode
                0x0000000000423cf2                VMCALL_ReturnToUserMode
                0x0000000000423fe5                change_selectors
                0x00000000004244f8                returnFromCR3Callback
                0x000000000042494b                vmcall_writePhysicalMemory
                0x0000000000424cc7                vmcall_readPhysicalMemory
                0x0000000000424f62                vmcall_traceonbp_retrievelog
                0x0000000000424fd3                vmcall_watch_retrievelog
                0x000000000042504a                vmcall_watch_delete
                0x000000000042507d                vmcall_watch_activate
                0x00000000004250df                _handleVMCallInstruction
                0x0000000000427881                _handleVMCall
                0x0000000000427d0e                handleVMCall
 .text          0x000000000042806b      0x460 keyboard.o
                0x000000000042806b                kdb_readycommand
                0x00000000004280e3                kbd_getstatus
                0x00000000004280f7                kdb_getoutputport
                0x000000000042811f                kdb_setoutputport
                0x0000000000428157                kdb_getinputport
                0x000000000042817f                kdb_getcommandbyte
                0x00000000004281a7                kdb_setcommandbyte
                0x00000000004281df                kdb_iskeypressed
                0x00000000004281f9                kdb_waitforkeypress
                0x0000000000428215                kbd_getkey
                0x000000000042822e                kbd_convertscancodetochar
                0x0000000000428483                kbd_getchar
 .text          0x00000000004284cb       0xb2 osspecific.o
                0x00000000004284cb                getpid
 .text          0x000000000042857d        0xb offloados.o
                0x000000000042857d                offloados
 .text          0x0000000000428588      0x6b0 ultimap.o
                0x0000000000428588                ultimap_debugoutput
                0x000000000042866b                ultimap_pause
                0x000000000042868a                ultimap_resume
                0x00000000004286a7                ultimap_disable
                0x000000000042872d                ultimap_setup
                0x00000000004287d8                ultimap_handleCR3Change
                0x0000000000428a1b                ultimap_handleDB
                0x0000000000428a98                ultimap_handleMSRWrite
                0x0000000000428b8c                ultimap_handleMSRRead
 .text          0x0000000000428c38      0x418 pci.o
                0x0000000000428c38                pciConfigReadDWord
                0x0000000000428cc8                pciConfigReadWord
                0x0000000000428d67                pciConfigReadByte
                0x0000000000428dbe                pciConfigEnumPci
 .text          0x0000000000429050      0x38a apic.o
                0x0000000000429050                getHighestPendingInterrupt
                0x0000000000429122                ReadAPICRegister
                0x0000000000429194                WriteAPICRegister
                0x00000000004291c3                apic_eoi
                0x00000000004291e1                apic_sendWaitInterrupt
 .text          0x00000000004293da     0x2784 test.o
                0x00000000004293da                testBranchPrediction
                0x0000000000429c28                handlePerformanceCounterInterrupt
                0x0000000000429d95                getDBVMVersion
                0x0000000000429ef5                dbvm_watch_writes
                0x000000000042a0bb                dbvm_watch_reads
                0x000000000042a281                dbvm_watch_executes
                0x000000000042a447                dbvm_watch_retrievelog
                0x000000000042a5f8                dbvm_watch_delete
                0x000000000042a763                dbvm_cloak_activate
                0x000000000042a8ef                dbvm_cloak_deactivate
                0x000000000042aa69                dbvm_cloak_readExecutable
                0x000000000042abf5                dbvm_cloak_writeExecutable
                0x000000000042ad81                testfunction
                0x000000000042ada0                dbvm_changeregonbp_test
                0x000000000042adab                dbvm_cloak_test
                0x000000000042b54d                dbvm_watch_execute_test
                0x000000000042b6b4                dbvm_watch_reads_test
                0x000000000042b909                dbvm_watch_writes_test
 *fill*         0x000000000042bb5e        0x2 
 .text          0x000000000042bb60       0x42 testa.o
                0x000000000042bb60                testBranch
                0x000000000042bb90                cloakTestFunction
                0x000000000042bb95                cloakTestFunctionInstruction
                0x000000000042bba2                cloakTestFunctionEnd
 .text          0x000000000042bba2     0x4f4e vmeventhandler_amd.o
                0x000000000042bba2                isPrefix
                0x000000000042bc13                handleVMEvent_amd
 .text          0x0000000000430af0     0x32da vmxemu.o
                0x0000000000430af0                vmsucceed
                0x0000000000430b5a                VMfailValid
                0x0000000000430bd8                VMfailInvalid
                0x0000000000430c42                VMfail
                0x0000000000430c86                setHostState
                0x0000000000430e97                getHostState
                0x000000000043105c                getVMCS
                0x00000000004311e6                emulateVMEntry
                0x00000000004312de                emulateVMExit
                0x0000000000431ba7                regToVal
                0x0000000000431cbb                valToReg
                0x0000000000431df8                getDestinationAddressFromInstructionInfo
                0x0000000000431f9a                handle_vmlaunchFail
                0x000000000043202d                handle_vmlaunch
                0x0000000000432140                handle_vmresumeFail
                0x0000000000432191                handle_vmresume
                0x00000000004322b5                handle_invept
                0x0000000000432491                handle_invvpid
                0x00000000004326c6                handle_vmread
                0x0000000000432a9d                handle_vmwrite
                0x0000000000432e0b                handle_vmclear
                0x0000000000432fe2                handle_vmptrld
                0x000000000043326d                handle_vmptrst
                0x000000000043332f                handle_vmxon
                0x0000000000433465                handle_vmxoff
                0x0000000000433504                handleIntelVMXInstruction
                0x00000000004339b3                handleAMDVMRUNInstruction
 .text          0x0000000000433dca     0x654a vmxsetup.o
                0x0000000000433dca                setupVMX_AMD
                0x00000000004357df                vmx_enableProcBasedFeature
                0x0000000000435835                vmx_disableProcBasedFeature
                0x00000000004358a9                vmx_enablePinBasedFeature
                0x00000000004358ff                vmx_disablePinBasedFeature
                0x0000000000435973                vmx_enableNMIWindowExiting
                0x00000000004359c7                vmx_disableNMIWindowExiting
                0x0000000000435a12                vmx_addSingleSteppingReasonEx
                0x0000000000435b20                vmx_addSingleSteppingReason
                0x0000000000435c2b                vmx_enableSingleStepMode
                0x0000000000435e81                vmx_disableSingleStepMode
                0x00000000004360e2                setupEPT
                0x0000000000436495                setup8086WaitForSIPI
                0x0000000000436c9a                vmx_setMSRReadExit
                0x0000000000436e72                vmx_removeMSRReadExit
                0x0000000000437054                vmx_setMSRWriteExit
                0x0000000000437237                vmx_removeMSRWriteExit
                0x0000000000437424                vmx_enableTSCHook
                0x00000000004374cb                vmx_disableTSCHook
                0x0000000000437567                setupVMX
 .text          0x000000000043a314     0xc44b epthandler.o
                0x000000000043a314                vpid_invalidate
                0x000000000043a358                ept_invalidate
                0x000000000043a412                ept_hideDBVMPhysicalAddresses_callbackIntel
                0x000000000043a554                ept_hideDBVMPhysicalAddresses_callbackAMD
                0x000000000043a62f                ept_hideDBVMPhysicalAddresses
                0x000000000043a6f1                ept_hideDBVMPhysicalAddressesAllCPUs
                0x000000000043a783                ept_reset_cb
                0x000000000043a7b5                ept_reset
                0x000000000043a913                ept_handleCloakEvent
                0x000000000043af56                ept_handleCloakEventAfterStep
                0x000000000043b1c9                ept_cloak_activate
                0x000000000043b71b                ept_cloak_deactivate
                0x000000000043ba0a                ept_cloak_readOriginal
                0x000000000043bbfb                ept_cloak_writeOriginal
                0x000000000043be6c                ept_cloak_traceonbp_getstatus
                0x000000000043bf8a                ept_cloak_traceonbp_stoptrace
                0x000000000043c047                ept_cloak_traceonbp_remove
                0x000000000043c14d                ept_cloak_traceonbp
                0x000000000043c3e1                ept_cloak_changeregonbp
                0x000000000043cd4d                ept_cloak_removechangeregonbp
                0x000000000043ce79                ept_handleHardwareBreakpoint
                0x000000000043d335                ept_handleFrozenThread
                0x000000000043db85                ept_handleSoftwareBreakpoint
                0x000000000043ecb1                ept_handleStepAndBreak
                0x000000000043f0bb                ept_getBrokenThreadListCount
                0x000000000043f0cb                ept_getBrokenThreadEntryShort
                0x000000000043f384                ept_getBrokenThreadEntryFull
                0x000000000043f4ff                ept_setBrokenThreadEntryFull
                0x000000000043f5d4                ept_resumeBrokenThread
                0x000000000043f804                ept_handleSoftwareBreakpointAfterStep
                0x000000000043f8f4                getFreeWatchID
                0x000000000043fa69                saveStack
                0x000000000043fb3f                fillPageEventBasic
                0x0000000000440116                recordState
                0x00000000004402f3                ept_isWatchIDPerfectMatch
                0x00000000004403a9                ept_isWatchIDMatch
                0x0000000000440418                ept_getWatchID
                0x0000000000440469                ept_handleWatchEvent
                0x0000000000442064                ept_handleWatchEventAfterStep
                0x000000000044252a                ept_traceonbp_retrievelog
                0x0000000000442d1a                ept_watch_retrievelog
                0x00000000004436cf                ept_watch_activate
                0x0000000000443e20                ept_watch_deactivate
                0x0000000000444426                MTC_RPS
                0x00000000004444ac                getMTRRMapInfo
                0x00000000004445f3                addToMemoryRanges
                0x0000000000444719                sanitizeMemoryRegions
                0x00000000004450f7                initMemTypeRanges
                0x0000000000445afd                remapMTRRTypes
                0x0000000000445b25                handleMSRWrite_MTRR
                0x0000000000445b3e                EPTMapPhysicalMemory
                0x00000000004464e6                handleEPTViolation
                0x0000000000446662                handleEPTMisconfig
 .text          0x000000000044675f      0xd48 nphandler.o
                0x000000000044675f                NPMode1CloakRestoreCallback
                0x000000000044681f                NPMode1CloakSetState
                0x0000000000446bb4                NPMapPhysicalMemory
                0x000000000044738a                handleNestedPagingFault
 .text          0x00000000004474a7     0x47f3 interrupthandler.o
                0x00000000004474a7                setints
                0x000000000044ae90                cinthandler
 .text          0x000000000044bc9a      0x176 exports.o
                0x000000000044bc9a                InitExports
 .text          0x000000000044be10      0xdf3 vbe3.o
                0x000000000044be10                VBEPtrToAddress
                0x000000000044be7a                initializeVBE3
                0x000000000044c314                VBE_GetModeInfo
                0x000000000044c385                VBE_GetControllerInfo
                0x000000000044c3ea                VBE_SetMode
                0x000000000044c593                VBE_SaveState
                0x000000000044c60a                VBE_RestoreState
                0x000000000044c681                VBE_GetStateStoreSize
                0x000000000044c6c0                VBE_ResetStart
                0x000000000044c6d4                VBE_SetDrawPage
                0x000000000044c714                VBE_ARGBToDispayColor
                0x000000000044ca16                VBE_SetPenColor
                0x000000000044ca38                VBE_SetPixel
                0x000000000044ca8e                VBE_DrawLine
                0x000000000044cb55                VBE_DrawBox
 *fill*         0x000000000044cc03        0xd 
 .text          0x000000000044cc10      0x15f vbe3a.o
                0x000000000044cc10                doVBEINIT
                0x000000000044cca9                vbe_entry
                0x000000000044cce5                VBEcall_GetControllerInfo
                0x000000000044ccfa                VBEcall_GetModeInfo
                0x000000000044cd12                VBEcall_SetMode
                0x000000000044cd2c                VBEcall_SaveRestoreState
                0x000000000044cd54                VBEcall_ResetStart
 .text          0x000000000044cd6f       0xa9 psod32.o
                0x000000000044cd6f                PSOD32BitHandler
 .text          0x000000000044ce18      0x3b9 maps.o
                0x000000000044ce18                createMap
                0x000000000044ce91                createPhysicalMemoryMap
                0x000000000044cf07                map_setEntry
                0x000000000044d01a                map_getEntry
                0x000000000044d0bc                map_iterate
                0x000000000044d19b                map_foreach
 .text          0x000000000044d1d1      0x4d2 list.o
                0x000000000044d1d1                addresslist_findclosestIndex
                0x000000000044d283                addresslist_add
                0x000000000044d466                addresslist_find
                0x000000000044d524                addresslist_remove
                0x000000000044d62e                addresslist_create
                0x000000000044d675                addresslist_destroy
 .text          0x000000000044d6a3      0x12d displaydebug.o
                0x000000000044d6a3                ddSetDefaultTextColor
                0x000000000044d6ba                ddSetTextWindow
                0x000000000044d6f5                ddGetPixelPointer
                0x000000000044d739                ddGetLineHeight
                0x000000000044d748                ddGetCharWidth
                0x000000000044d75c                ddCharOut
                0x000000000044d772                ddDrawRectangle
                0x000000000044d78d                ddTextOut
 .text          0x000000000044d7d0       0xe4 ./distorm64/wstring.o
                0x000000000044d7d0                strcpy_WS
                0x000000000044d81d                strcpylen_WS
                0x000000000044d85f                strcatlen_WS
 .text          0x000000000044d8b4        0x0 ./distorm64/x86defs.o
 .text          0x000000000044d8b4      0xc15 ./distorm64/textdefs.o
                0x000000000044d8b4                str_hex_b
                0x000000000044d921                str_code_hb
                0x000000000044d9dd                str_hex_sp_b
                0x000000000044da30                str_code_sp_hb
                0x000000000044db20                str_hex_sp_w
                0x000000000044dbf7                str_code_hw
                0x000000000044dd40                str_hex_sp_dw
                0x000000000044dea7                str_code_hdw
                0x000000000044dfa2                str_hex_sp_qw
                0x000000000044e25a                str_code_hqw
                0x000000000044e3bc                str_off64
 .text          0x000000000044e4c9        0x0 ./distorm64/insts.o
 .text          0x000000000044e4c9     0x1120 ./distorm64/prefix.o
                0x000000000044e510                is_prefix
                0x000000000044e6c1                get_prefix_flag
                0x000000000044e8a0                decode_prefixes
                0x000000000044f132                get_unused_prefixes_list
                0x000000000044f3b9                str_seg_text
 .text          0x000000000044f5e9      0xdbd ./distorm64/instructions.o
                0x000000000044ff29                locate_inst
                0x00000000004501de                locate_3dnow_inst
                0x00000000004502b0                str_indirection_text
 .text          0x00000000004503a6     0x1bdd ./distorm64/decoder.o
                0x0000000000450492                ADDR_SIZE_AFFECT
                0x00000000004504e5                OP_SIZE_AFFECT
                0x000000000045164c                internal_decode
 .text          0x0000000000451f83     0x3c8a ./distorm64/operands.o
                0x000000000045370e                extract_operand
 .text          0x0000000000455c0d       0xc1 ./distorm64/distorm.o
                0x0000000000455c0d                distorm_decode64
                0x0000000000455cbf                distorm_version

.rodata         0x0000000000455cd0     0xc22c
 .rodata        0x0000000000455cd0     0x25eb main.o
 *fill*         0x00000000004582bb        0x5 
 .rodata        0x00000000004582c0       0x2c neward.o
 *fill*         0x00000000004582ec        0x4 
 .rodata        0x00000000004582f0       0xe8 common.o
 .rodata        0x00000000004583d8      0x904 vmmhelper.o
 *fill*         0x0000000000458cdc        0x4 
 .rodata        0x0000000000458ce0      0x44c multicore.o
 *fill*         0x000000000045912c        0x4 
 .rodata        0x0000000000459130      0x513 mm.o
 *fill*         0x0000000000459643        0x5 
 .rodata        0x0000000000459648      0x264 vmpaging.o
 *fill*         0x00000000004598ac        0x4 
 .rodata        0x00000000004598b0      0x1d5 vmevent_invalidstate.o
 *fill*         0x0000000000459a85        0x3 
 .rodata        0x0000000000459a88      0x198 vmeventhandler.o
 .rodata        0x0000000000459c20      0x85c realmodeemu.o
 *fill*         0x000000000045a47c        0x4 
 .rodata        0x000000000045a480      0xe0c vmcall.o
 .rodata        0x000000000045b28c      0x148 keyboard.o
 *fill*         0x000000000045b3d4        0x4 
 .rodata        0x000000000045b3d8       0x54 pci.o
 *fill*         0x000000000045b42c        0x4 
 .rodata        0x000000000045b430       0xa7 apic.o
 *fill*         0x000000000045b4d7        0x1 
 .rodata        0x000000000045b4d8      0xb76 test.o
 *fill*         0x000000000045c04e        0x2 
 .rodata        0x000000000045c050     0x1130 vmeventhandler_amd.o
 .rodata        0x000000000045d180      0x769 vmxemu.o
 *fill*         0x000000000045d8e9        0x7 
 .rodata        0x000000000045d8f0      0xfe6 vmxsetup.o
 *fill*         0x000000000045e8d6        0x2 
 .rodata        0x000000000045e8d8     0x19f8 epthandler.o
 .rodata        0x00000000004602d0       0x71 nphandler.o
 *fill*         0x0000000000460341        0x7 
 .rodata        0x0000000000460348      0x3e3 interrupthandler.o
 *fill*         0x000000000046072b        0x5 
 .rodata        0x0000000000460730      0x188 vbe3.o
 .rodata        0x00000000004608b8       0x25 list.o
 .rodata        0x00000000004608dd       0x24 ./distorm64/x86defs.o
 .rodata        0x0000000000460901     0x1197 ./distorm64/insts.o
 .rodata        0x0000000000461a98      0x224 ./distorm64/prefix.o
 .rodata        0x0000000000461cbc       0x28 ./distorm64/instructions.o
 .rodata        0x0000000000461ce4      0x218 ./distorm64/operands.o

.eh_frame       0x0000000000461f00     0x45e8
 .eh_frame      0x0000000000461f00      0x1b0 main.o
 .eh_frame      0x00000000004620b0      0x128 neward.o
                                        0x140 (size before relaxing)
 .eh_frame      0x00000000004621d8      0xd10 common.o
                                        0xd28 (size before relaxing)
 .eh_frame      0x0000000000462ee8      0x2e8 vmmhelper.o
                                        0x300 (size before relaxing)
 .eh_frame      0x00000000004631d0       0x80 multicore.o
                                         0x98 (size before relaxing)
 .eh_frame      0x0000000000463250      0x4d0 mm.o
                                        0x4e8 (size before relaxing)
 .eh_frame      0x0000000000463720      0x170 vmpaging.o
                                        0x188 (size before relaxing)
 .eh_frame      0x0000000000463890       0x40 vmevent_invalidstate.o
                                         0x58 (size before relaxing)
 .eh_frame      0x00000000004638d0      0x578 vmeventhandler.o
                                        0x590 (size before relaxing)
 .eh_frame      0x0000000000463e48      0x5c8 realmodeemu.o
                                        0x5e0 (size before relaxing)
 .eh_frame      0x0000000000464410       0x20 pmodeemu.o
                                         0x38 (size before relaxing)
 .eh_frame      0x0000000000464430      0x280 vmcall.o
                                        0x298 (size before relaxing)
 .eh_frame      0x00000000004646b0      0x180 keyboard.o
                                        0x198 (size before relaxing)
 .eh_frame      0x0000000000464830       0x20 osspecific.o
                                         0x38 (size before relaxing)
 .eh_frame      0x0000000000464850       0x20 offloados.o
                                         0x38 (size before relaxing)
 .eh_frame      0x0000000000464870      0x120 ultimap.o
                                        0x138 (size before relaxing)
 .eh_frame      0x0000000000464990       0x80 pci.o
                                         0x98 (size before relaxing)
 .eh_frame      0x0000000000464a10       0xa0 apic.o
                                         0xb8 (size before relaxing)
 .eh_frame      0x0000000000464ab0      0x268 test.o
                                        0x280 (size before relaxing)
 .eh_frame      0x0000000000464d18       0x48 vmeventhandler_amd.o
                                         0x60 (size before relaxing)
 .eh_frame      0x0000000000464d60      0x370 vmxemu.o
                                        0x388 (size before relaxing)
 .eh_frame      0x00000000004650d0      0x288 vmxsetup.o
                                        0x2a0 (size before relaxing)
 .eh_frame      0x0000000000465358      0x6b8 epthandler.o
                                        0x6d0 (size before relaxing)
 .eh_frame      0x0000000000465a10       0x88 nphandler.o
                                         0xa0 (size before relaxing)
 .eh_frame      0x0000000000465a98       0x40 interrupthandler.o
                                         0x58 (size before relaxing)
 .eh_frame      0x0000000000465ad8       0x20 exports.o
                                         0x38 (size before relaxing)
 .eh_frame      0x0000000000465af8      0x1e0 vbe3.o
                                        0x1f8 (size before relaxing)
 .eh_frame      0x0000000000465cd8       0x50 psod32.o
                                         0x4c (size before relaxing)
 *fill*         0x0000000000465d28        0x0 
 .eh_frame      0x0000000000465d28       0xc0 maps.o
                                         0xd8 (size before relaxing)
 .eh_frame      0x0000000000465de8       0xc0 list.o
                                         0xd8 (size before relaxing)
 .eh_frame      0x0000000000465ea8      0x100 displaydebug.o
                                        0x118 (size before relaxing)
 .eh_frame      0x0000000000465fa8       0x60 ./distorm64/wstring.o
                                         0x78 (size before relaxing)
 .eh_frame      0x0000000000466008      0x160 ./distorm64/textdefs.o
                                        0x178 (size before relaxing)
 .eh_frame      0x0000000000466168       0xe0 ./distorm64/prefix.o
                                         0xf8 (size before relaxing)
 .eh_frame      0x0000000000466248       0xc0 ./distorm64/instructions.o
                                         0xd8 (size before relaxing)
 .eh_frame      0x0000000000466308      0x100 ./distorm64/decoder.o
                                        0x118 (size before relaxing)
 .eh_frame      0x0000000000466408       0xa0 ./distorm64/operands.o
                                         0xb8 (size before relaxing)
 .eh_frame      0x00000000004664a8       0x40 ./distorm64/distorm.o
                                         0x58 (size before relaxing)

.iplt           0x00000000004664e8        0x0
 .iplt          0x00000000004664e8        0x0 vmma.o

.text.__x86.get_pc_thunk.ax
                0x00000000004664e8        0x4
 .text.__x86.get_pc_thunk.ax
                0x00000000004664e8        0x4 psod32.o
                0x00000000004664e8                __x86.get_pc_thunk.ax

.rela.dyn       0x00000000004664f0        0x0
 .rela.got      0x00000000004664f0        0x0 vmma.o
 .rela.iplt     0x00000000004664f0        0x0 vmma.o
 .rela.text     0x00000000004664f0        0x0 vmma.o

.data           0x0000000000466500     0x2e60
 *(.data)
 .data          0x0000000000466500       0x30 main.o
                0x0000000000466500                debugtestvar
                0x0000000000466508                IA32_APIC_BASE
                0x0000000000466510                APIC_ID
                0x0000000000466518                APIC_SVR
                0x0000000000466520                BOOT_ID
                0x0000000000466524                needtospawnApplicationProcessors
                0x0000000000466528                autostart
                0x000000000046652c                inflooponerror
 .data          0x0000000000466530        0x0 neward.o
 .data          0x0000000000466530        0xc common.o
                0x0000000000466530                textmemory
                0x0000000000466538                screenheight
 .data          0x000000000046653c        0x0 vmmhelper.o
 .data          0x000000000046653c        0x0 multicore.o
 *fill*         0x000000000046653c        0x4 
 .data          0x0000000000466540       0x44 mm.o
                0x0000000000466540                AllocationInfoList
                0x0000000000466548                PhysicalPageListSize
                0x000000000046654c                PhysicalPageListMaxSize
                0x0000000000466550                pml4table
                0x0000000000466558                pagedirptrtables
                0x0000000000466560                pagedirtables
                0x0000000000466568                pagetables
                0x0000000000466570                MAXPHYADDRMASK
                0x0000000000466578                MAXPHYADDRMASKPB
                0x0000000000466580                FreezeOnMapAllocFail
 .data          0x0000000000466584        0x0 vmpaging.o
 .data          0x0000000000466584        0x0 vmevent_invalidstate.o
 *fill*         0x0000000000466584        0x4 
 .data          0x0000000000466588       0x10 vmeventhandler.o
                0x0000000000466588                adjustTimestampCounters
                0x000000000046658c                adjustTimestampCounterTimeout
                0x0000000000466590                speedhackSpeed
 .data          0x0000000000466598        0x0 realmodeemu.o
 .data          0x0000000000466598        0x0 pmodeemu.o
 .data          0x0000000000466598        0x0 vmcall.o
 .data          0x0000000000466598        0x0 keyboard.o
 .data          0x0000000000466598        0x0 osspecific.o
 .data          0x0000000000466598        0x0 offloados.o
 .data          0x0000000000466598        0x0 ultimap.o
 .data          0x0000000000466598        0x0 pci.o
 .data          0x0000000000466598        0x0 apic.o
 .data          0x0000000000466598        0x8 test.o
                0x0000000000466598                MSR_LASTBRANCH_TOS
                0x000000000046659c                MSR_LASTBRANCH_0
 .data          0x00000000004665a0        0x0 vmeventhandler_amd.o
 .data          0x00000000004665a0        0x4 vmxemu.o
                0x00000000004665a0                emulatevmx
 .data          0x00000000004665a4        0x4 vmxsetup.o
                0x00000000004665a4                hasNPsupport
 .data          0x00000000004665a8        0x0 epthandler.o
 .data          0x00000000004665a8       0x20 nphandler.o
                0x00000000004665a8                np_pml4table
                0x00000000004665b0                np_pagedirptrtables
                0x00000000004665b8                np_pagedirtables
                0x00000000004665c0                np_pagetables
 .data          0x00000000004665c8        0x0 interrupthandler.o
 .data          0x00000000004665c8        0x0 exports.o
 .data          0x00000000004665c8       0x20 vbe3.o
                0x00000000004665c8                displaybioscopy
                0x00000000004665d0                emulatedBiosBlock
                0x00000000004665d8                stack16
                0x00000000004665e0                graphics
 .data          0x00000000004665e8        0x0 psod32.o
 .data          0x00000000004665e8        0x0 maps.o
 .data          0x00000000004665e8        0x0 list.o
 .data          0x00000000004665e8        0xc displaydebug.o
                0x00000000004665e8                defaultTextColor
                0x00000000004665ec                textWindowWidth
                0x00000000004665f0                textWindowHeight
 .data          0x00000000004665f4        0x0 ./distorm64/wstring.o
 *fill*         0x00000000004665f4        0xc 
 .data          0x0000000000466600      0xcca ./distorm64/x86defs.o
                0x0000000000466600                _CONDITIONS
                0x00000000004666c0                _CONDITIONS_PSEUDO
                0x0000000000466720                _CREGS
                0x00000000004667a0                _DREGS
                0x0000000000466800                _SREGS
                0x0000000000466860                _REGS8
                0x0000000000466920                _REGS8_REX
                0x00000000004669e0                _REGS16
                0x0000000000466aa0                _REGS32
                0x0000000000466b60                _REGS64
                0x0000000000466c20                _REGSMMX
                0x0000000000466c80                _REGSSSE
                0x0000000000466d40                _MODS16
                0x0000000000466da0                _MODS32
                0x0000000000466e60                _MODS64
                0x0000000000466f20                _BASE32
                0x0000000000466fe0                _BASE64
                0x00000000004670a0                _INDEX32
                0x0000000000467160                _INDEX64
                0x0000000000467220                _SCALE32
                0x0000000000467250                FPU_STACK_TEXT
                0x0000000000467253                ONE_CONST_TEXT
                0x0000000000467257                REG_RIP_TEXT
                0x000000000046725b                BYTE_UNDEFINED
                0x000000000046725e                TEXT_8_BITS
                0x0000000000467264                TEXT_16_BITS
                0x000000000046726a                TEXT_32_BITS
                0x0000000000467271                TEXT_64_BITS
                0x0000000000467278                TEXT_80_BITS
                0x0000000000467280                TEXT_128_BITS
                0x0000000000467288                PREFIX_LOCK_TEXT
                0x000000000046728e                PREFIX_REP_TEXT
                0x0000000000467293                PREFIX_REPNZ_TEXT
                0x000000000046729a                PREFIX_CS_TEXT
                0x000000000046729d                PREFIX_SS_TEXT
                0x00000000004672a0                PREFIX_DS_TEXT
                0x00000000004672a3                PREFIX_ES_TEXT
                0x00000000004672a6                PREFIX_FS_TEXT
                0x00000000004672a9                PREFIX_GS_TEXT
                0x00000000004672ac                SUFFIX_SIZE_BYTE
                0x00000000004672ad                SUFFIX_SIZE_WORD
                0x00000000004672ae                SUFFIX_SIZE_DWORD
                0x00000000004672af                SUFFIX_SIZE_QWORD
                0x00000000004672b0                SHORT_OPERAND
                0x00000000004672b7                SMALL_OPERAND
                0x00000000004672be                LARGE_OPERAND
                0x00000000004672c5                WAIT_INSTRUCTION_MNEMONIC
 *fill*         0x00000000004672ca       0x16 
 .data          0x00000000004672e0      0xa30 ./distorm64/textdefs.o
                0x00000000004672e0                SEP_STR
                0x0000000000467300                TextBTable
                0x0000000000467700                TextHBTable
                0x0000000000467d00                Nibble2ChrTable
 *fill*         0x0000000000467d10       0x10 
 .data          0x0000000000467d20     0x1640 ./distorm64/insts.o
                0x0000000000467d20                Table_FF_ids
                0x0000000000467d28                Table_FE_ids
                0x0000000000467d30                Table_F7_ids
                0x0000000000467d38                Table_F6_ids
                0x0000000000467d40                Table_F3_0F_C7_ids
                0x0000000000467d60                Table_F3_0F_ids
                0x0000000000467e60                Table_F3_ids
                0x0000000000467f60                Table_F2_0F_38_ids
                0x0000000000468060                Table_F2_0F_ids
                0x0000000000468160                Table_F2_ids
                0x0000000000468260                Table_DF_ids
                0x00000000004682c0                Table_DE_ids
                0x0000000000468320                Table_DD_ids
                0x0000000000468380                Table_DC_ids
                0x00000000004683e0                Table_DB_ids
                0x0000000000468440                Table_DA_ids
                0x00000000004684a0                Table_D9_ids
                0x0000000000468500                Table_D8_ids
                0x0000000000468548                Table_D3_ids
                0x0000000000468550                Table_D2_ids
                0x0000000000468558                Table_D1_ids
                0x0000000000468560                Table_D0_ids
                0x0000000000468568                Table_C7_ids
                0x0000000000468570                Table_C6_ids
                0x0000000000468578                Table_C1_ids
                0x0000000000468580                Table_C0_ids
                0x00000000004685a0                Table_9B_DF_ids
                0x00000000004686a0                Table_9B_DD_ids
                0x00000000004686c0                Table_9B_DB_ids
                0x00000000004687c0                Table_9B_D9_ids
                0x00000000004687e0                Table_9B_ids
                0x00000000004688e0                Table_8F_ids
                0x00000000004688e8                Table_83_ids
                0x00000000004688f0                Table_82_ids
                0x00000000004688f8                Table_81_ids
                0x0000000000468900                Table_80_ids
                0x0000000000468908                Table_66_0F_C7_ids
                0x0000000000468910                Table_66_0F_78_ids
                0x0000000000468918                Table_66_0F_73_ids
                0x0000000000468920                Table_66_0F_72_ids
                0x0000000000468928                Table_66_0F_71_ids
                0x0000000000468940                Table_66_0F_3A_ids
                0x0000000000468a40                Table_66_0F_38_ids
                0x0000000000468b40                Table_66_0F_ids
                0x0000000000468c40                Table_66_ids
                0x0000000000468d40                Table_0F_C7_ids
                0x0000000000468d48                Table_0F_BA_ids
                0x0000000000468d60                Table_0F_AE_ids
                0x0000000000468da8                Table_0F_73_ids
                0x0000000000468db0                Table_0F_72_ids
                0x0000000000468db8                Table_0F_71_ids
                0x0000000000468dc0                Table_0F_3A_ids
                0x0000000000468ec0                Table_0F_38_ids
                0x0000000000468fc0                Table_0F_1F_ids
                0x0000000000468fc8                Table_0F_18_ids
                0x0000000000468fe0                Table_0F_0F_ids
                0x00000000004690e0                Table_0F_0D_ids
                0x0000000000469100                Table_0F_01_ids
                0x0000000000469148                Table_0F_00_ids
                0x0000000000469160                Table_0F_ids
                0x0000000000469260                Instructions_ids
 .data          0x0000000000469360        0x0 ./distorm64/prefix.o
 .data          0x0000000000469360        0x0 ./distorm64/instructions.o
 .data          0x0000000000469360        0x0 ./distorm64/decoder.o
 .data          0x0000000000469360        0x0 ./distorm64/operands.o
 .data          0x0000000000469360        0x0 ./distorm64/distorm.o

.got            0x0000000000469360        0x0
 .got           0x0000000000469360        0x0 vmma.o

.got.plt        0x0000000000469360       0x18
 .got.plt       0x0000000000469360       0x18 vmma.o
                0x0000000000469360                _GLOBAL_OFFSET_TABLE_

.igot.plt       0x0000000000469378        0x0
 .igot.plt      0x0000000000469378        0x0 vmma.o

.data.rel.local
                0x0000000000469380     0x7ee0
 .data.rel.local
                0x0000000000469380       0x80 common.o
                0x0000000000469380                sendstringfCS
                0x00000000004693a0                sendstringCS
                0x00000000004693c0                popcnt
                0x00000000004693e0                serialCS
 .data.rel.local
                0x0000000000469400       0x20 vmmhelper.o
                0x0000000000469400                vmexitlock
 .data.rel.local
                0x0000000000469420       0x60 mm.o
                0x0000000000469420                AllocCS
                0x0000000000469440                GlobalMapCS
 .data.rel.local
                0x0000000000469480       0x20 vmpaging.o
                0x0000000000469480                setupNonPagedPagingCS
 .data.rel.local
                0x00000000004694a0       0x60 vmeventhandler.o
                0x00000000004694a0                CR3ValueLogCS
                0x00000000004694c0                TSCCS
                0x00000000004694e0                cpuidsourcesCS
 .data.rel.local
                0x0000000000469500       0x20 vmcall.o
                0x0000000000469500                vmcallCS
 .data.rel.local
                0x0000000000469520       0x20 vmeventhandler_amd.o
                0x0000000000469520                debugoutput
 .data.rel.local
                0x0000000000469540       0x20 vmxsetup.o
                0x0000000000469540                setupVMX_lock
 .data.rel.local
                0x0000000000469560       0xa0 epthandler.o
                0x0000000000469560                eptWatchListCS
                0x0000000000469580                CloakedPagesCS
                0x00000000004695a0                ChangeRegBPListCS
                0x00000000004695c0                BrokenThreadListCS
                0x00000000004695e0                memoryrangesCS
 .data.rel.local
                0x0000000000469600       0x60 ./distorm64/x86defs.o
                0x0000000000469600                II_arpl
                0x0000000000469620                II_movsxd
                0x0000000000469650                II_nop
 .data.rel.local
                0x0000000000469660     0x7be1 ./distorm64/insts.o
                0x0000000000469660                II_00
                0x0000000000469670                II_01
                0x0000000000469680                II_02
                0x0000000000469690                II_03
                0x00000000004696a0                II_04
                0x00000000004696b0                II_05
                0x00000000004696c0                II_06
                0x00000000004696d0                II_07
                0x00000000004696e0                II_08
                0x00000000004696f0                II_09
                0x0000000000469700                II_0A
                0x0000000000469710                II_0B
                0x0000000000469720                II_0C
                0x0000000000469730                II_0D
                0x0000000000469740                II_0E
                0x0000000000469750                II_0F_00_00
                0x0000000000469760                II_0F_00_01
                0x0000000000469770                II_0F_00_02
                0x0000000000469780                II_0F_00_03
                0x0000000000469790                II_0F_00_04
                0x00000000004697a0                II_0F_00_05
                0x00000000004697b0                II_0F_01_00
                0x00000000004697c0                II_0F_01_01
                0x00000000004697d0                II_0F_01_02
                0x00000000004697e0                II_0F_01_03
                0x00000000004697f0                II_0F_01_04
                0x0000000000469800                II_0F_01_06
                0x0000000000469810                II_0F_01_07
                0x0000000000469820                II_0F_01_C1
                0x0000000000469830                II_0F_01_C2
                0x0000000000469840                II_0F_01_C3
                0x0000000000469850                II_0F_01_C4
                0x0000000000469860                II_0F_01_C8
                0x0000000000469870                II_0F_01_C9
                0x0000000000469880                II_0F_01_D8
                0x0000000000469890                II_0F_01_D9
                0x00000000004698a0                II_0F_01_DA
                0x00000000004698b0                II_0F_01_DB
                0x00000000004698c0                II_0F_01_DC
                0x00000000004698d0                II_0F_01_DD
                0x00000000004698e0                II_0F_01_DE
                0x00000000004698f0                II_0F_01_DF
                0x0000000000469900                II_0F_01_F8
                0x0000000000469910                II_0F_01_F9
                0x0000000000469920                II_0F_02
                0x0000000000469930                II_0F_03
                0x0000000000469940                II_0F_05
                0x0000000000469950                II_0F_06
                0x0000000000469960                II_0F_07
                0x0000000000469970                II_0F_08
                0x0000000000469980                II_0F_09
                0x0000000000469990                II_0F_0B
                0x00000000004699a0                II_0F_0D_00
                0x00000000004699b0                II_0F_0D_01
                0x00000000004699c0                II_0F_0E
                0x00000000004699d0                II_0F_0F_0C
                0x00000000004699e0                II_0F_0F_0D
                0x00000000004699f0                II_0F_0F_1C
                0x0000000000469a00                II_0F_0F_1D
                0x0000000000469a10                II_0F_0F_8A
                0x0000000000469a20                II_0F_0F_8E
                0x0000000000469a30                II_0F_0F_90
                0x0000000000469a40                II_0F_0F_94
                0x0000000000469a50                II_0F_0F_96
                0x0000000000469a60                II_0F_0F_97
                0x0000000000469a70                II_0F_0F_9A
                0x0000000000469a80                II_0F_0F_9E
                0x0000000000469a90                II_0F_0F_A0
                0x0000000000469aa0                II_0F_0F_A4
                0x0000000000469ab0                II_0F_0F_A6
                0x0000000000469ac0                II_0F_0F_A7
                0x0000000000469ad0                II_0F_0F_AA
                0x0000000000469ae0                II_0F_0F_AE
                0x0000000000469af0                II_0F_0F_B0
                0x0000000000469b00                II_0F_0F_B4
                0x0000000000469b10                II_0F_0F_B6
                0x0000000000469b20                II_0F_0F_B7
                0x0000000000469b30                II_0F_0F_BB
                0x0000000000469b40                II_0F_0F_BF
                0x0000000000469b50                II_0F_10
                0x0000000000469b60                II_0F_11
                0x0000000000469b80                II_0F_12
                0x0000000000469bb0                II_0F_13
                0x0000000000469bc0                II_0F_14
                0x0000000000469bd0                II_0F_15
                0x0000000000469be0                II_0F_16
                0x0000000000469c10                II_0F_17
                0x0000000000469c20                II_0F_18_00
                0x0000000000469c30                II_0F_18_01
                0x0000000000469c40                II_0F_18_02
                0x0000000000469c50                II_0F_18_03
                0x0000000000469c60                II_0F_1F_00
                0x0000000000469c70                II_0F_20
                0x0000000000469c80                II_0F_21
                0x0000000000469c90                II_0F_22
                0x0000000000469ca0                II_0F_23
                0x0000000000469cb0                II_0F_28
                0x0000000000469cc0                II_0F_29
                0x0000000000469cd0                II_0F_2A
                0x0000000000469ce0                II_0F_2B
                0x0000000000469cf0                II_0F_2C
                0x0000000000469d00                II_0F_2D
                0x0000000000469d10                II_0F_2E
                0x0000000000469d20                II_0F_2F
                0x0000000000469d30                II_0F_30
                0x0000000000469d40                II_0F_31
                0x0000000000469d50                II_0F_32
                0x0000000000469d60                II_0F_33
                0x0000000000469d70                II_0F_34
                0x0000000000469d80                II_0F_35
                0x0000000000469d90                II_0F_38_00
                0x0000000000469da0                II_0F_38_01
                0x0000000000469db0                II_0F_38_02
                0x0000000000469dc0                II_0F_38_03
                0x0000000000469dd0                II_0F_38_04
                0x0000000000469de0                II_0F_38_05
                0x0000000000469df0                II_0F_38_06
                0x0000000000469e00                II_0F_38_07
                0x0000000000469e10                II_0F_38_08
                0x0000000000469e20                II_0F_38_09
                0x0000000000469e30                II_0F_38_0A
                0x0000000000469e40                II_0F_38_0B
                0x0000000000469e50                II_0F_38_1C
                0x0000000000469e60                II_0F_38_1D
                0x0000000000469e70                II_0F_38_1E
                0x0000000000469e80                II_0F_3A_0F
                0x0000000000469eb0                II_0F_40
                0x0000000000469ec0                II_0F_41
                0x0000000000469ed0                II_0F_42
                0x0000000000469ee0                II_0F_43
                0x0000000000469ef0                II_0F_44
                0x0000000000469f00                II_0F_45
                0x0000000000469f10                II_0F_46
                0x0000000000469f20                II_0F_47
                0x0000000000469f30                II_0F_48
                0x0000000000469f40                II_0F_49
                0x0000000000469f50                II_0F_4A
                0x0000000000469f60                II_0F_4B
                0x0000000000469f70                II_0F_4C
                0x0000000000469f80                II_0F_4D
                0x0000000000469f90                II_0F_4E
                0x0000000000469fa0                II_0F_4F
                0x0000000000469fb0                II_0F_50
                0x0000000000469fc0                II_0F_51